
> frontend@0.1.0 build
> next build

node.exe : ΓÜá Warning: Next.js 
inferred your workspace root, but it 
may not be correct.
At line:1 char:1
+ & "C:\Program 
Files\nodejs/node.exe" "C:\Program 
Files\nodejs/node_mo ...
+ ~~~~~~~~~~~~~~~~~~~~~~~~~~~~~~~~~~~~
~~~~~~~~~~~~~~~~~~~~~~~~~~~~~~~~~
    + CategoryInfo          : NotSpec 
   ified: (ΓÜá Warning: Ne...not be   
  correct.:String) [], RemoteExcept   
 ion
    + FullyQualifiedErrorId : NativeC 
   ommandError
 
 We detected multiple lockfiles and 
selected the directory of 
C:\Users\Mayan\package-lock.json as 
the root directory.
 To silence this warning, set 
`turbopack.root` in your Next.js 
config, or consider removing one of 
the lockfiles if it's not needed.
   See https://nextjs.org/docs/app/api
-reference/config/next-config-js/turbo
pack#root-directory for more 
information.
 Detected additional lockfiles: 
   * C:\Users\Mayan\Desktop\Backend\li
brary-management-system\frontend\packa
ge-lock.json

Γû▓ Next.js 16.2.9 (Turbopack)

  Creating an optimized production build ...

> Build error occurred
Error: Turbopack build failed with 6 
errors:
./Desktop/Backend/library-management-s
ystem/frontend/src/components/sections
/Footer.tsx:3:1
Export Github doesn't exist in target 
module
  [90m1 |[0m [32m"use client"[0m;
  [90m2 |[0m
[31m[1m>[0m [90m3 |[0m 
[36mimport[0m { [33mTwitter[0m, 
[33mLinkedin[0m, [33mGithub[0m, 
[33mMail[0m, [33mSend[0m, 
[33mMapPin[0m, [33mPhone[0m } 
[36mfrom[0m [32m"lucide-react"[0m;
  [90m  |[0m [31m[1m^^^^^^^^^^^^^^
^^^^^^^^^^^^^^^^^^^^^^^^^^^^^^^^^^^^^^
^^^^^^^^^^^^^^^^^^^^^^^^^^^^^^^^[0m
  [90m4 |[0m [36mimport[0m 
[33mLink[0m [36mfrom[0m 
[32m"next/link"[0m;
  [90m5 |[0m
  [90m6 |[0m [36mexport[0m 
[36mconst[0m [33mFooter[0m = () 
=> {

The export Github was not found in 
module [project]/Desktop/Backend/libra
ry-management-system/frontend/node_mod
ules/lucide-react/dist/esm/lucide-reac
t.mjs [app-client] (ecmascript).
Did you mean to import Gift?
All exports of the module are 
statically known (It doesn't have 
dynamic exports). So it's known 
statically that the requested export 
doesn't exist.

Import traces:
  Client Component Browser:
    ./Desktop/Backend/library-manageme
nt-system/frontend/src/components/sect
ions/Footer.tsx [Client Component 
Browser]
    ./Desktop/Backend/library-manageme
nt-system/frontend/src/app/page.tsx 
[Client Component Browser]
    ./Desktop/Backend/library-manageme
nt-system/frontend/src/app/page.tsx 
[Server Component]

  Client Component SSR:
    ./Desktop/Backend/library-manageme
nt-system/frontend/src/components/sect
ions/Footer.tsx [Client Component SSR]
    ./Desktop/Backend/library-manageme
nt-system/frontend/src/app/page.tsx 
[Client Component SSR]
    ./Desktop/Backend/library-manageme
nt-system/frontend/src/app/page.tsx 
[Server Component]


./Desktop/Backend/library-management-s
ystem/frontend/src/components/sections
/Footer.tsx:3:1
Export Github doesn't exist in target 
module
  [90m1 |[0m [32m"use client"[0m;
  [90m2 |[0m
[31m[1m>[0m [90m3 |[0m 
[36mimport[0m { [33mTwitter[0m, 
[33mLinkedin[0m, [33mGithub[0m, 
[33mMail[0m, [33mSend[0m, 
[33mMapPin[0m, [33mPhone[0m } 
[36mfrom[0m [32m"lucide-react"[0m;
  [90m  |[0m [31m[1m^^^^^^^^^^^^^^
^^^^^^^^^^^^^^^^^^^^^^^^^^^^^^^^^^^^^^
^^^^^^^^^^^^^^^^^^^^^^^^^^^^^^^^[0m
  [90m4 |[0m [36mimport[0m 
[33mLink[0m [36mfrom[0m 
[32m"next/link"[0m;
  [90m5 |[0m
  [90m6 |[0m [36mexport[0m 
[36mconst[0m [33mFooter[0m = () 
=> {

The export Github was not found in 
module [project]/Desktop/Backend/libra
ry-management-system/frontend/node_mod
ules/lucide-react/dist/esm/lucide-reac
t.mjs [app-ssr] (ecmascript).
Did you mean to import Gift?
All exports of the module are 
statically known (It doesn't have 
dynamic exports). So it's known 
statically that the requested export 
doesn't exist.

Import traces:
  Client Component Browser:
    ./Desktop/Backend/library-manageme
nt-system/frontend/src/components/sect
ions/Footer.tsx [Client Component 
Browser]
    ./Desktop/Backend/library-manageme
nt-system/frontend/src/app/page.tsx 
[Client Component Browser]
    ./Desktop/Backend/library-manageme
nt-system/frontend/src/app/page.tsx 
[Server Component]

  Client Component SSR:
    ./Desktop/Backend/library-manageme
nt-system/frontend/src/components/sect
ions/Footer.tsx [Client Component SSR]
    ./Desktop/Backend/library-manageme
nt-system/frontend/src/app/page.tsx 
[Client Component SSR]
    ./Desktop/Backend/library-manageme
nt-system/frontend/src/app/page.tsx 
[Server Component]


./Desktop/Backend/library-management-s
ystem/frontend/src/components/sections
/Footer.tsx:3:1
Export Linkedin doesn't exist in 
target module
  [90m1 |[0m [32m"use client"[0m;
  [90m2 |[0m
[31m[1m>[0m [90m3 |[0m 
[36mimport[0m { [33mTwitter[0m, 
[33mLinkedin[0m, [33mGithub[0m, 
[33mMail[0m, [33mSend[0m, 
[33mMapPin[0m, [33mPhone[0m } 
[36mfrom[0m [32m"lucide-react"[0m;
  [90m  |[0m [31m[1m^^^^^^^^^^^^^^
^^^^^^^^^^^^^^^^^^^^^^^^^^^^^^^^^^^^^^
^^^^^^^^^^^^^^^^^^^^^^^^^^^^^^^^[0m
  [90m4 |[0m [36mimport[0m 
[33mLink[0m [36mfrom[0m 
[32m"next/link"[0m;
  [90m5 |[0m
  [90m6 |[0m [36mexport[0m 
[36mconst[0m [33mFooter[0m = () 
=> {

The export Linkedin was not found in 
module [project]/Desktop/Backend/libra
ry-management-system/frontend/node_mod
ules/lucide-react/dist/esm/lucide-reac
t.mjs [app-client] (ecmascript).
Did you mean to import Link?
All exports of the module are 
statically known (It doesn't have 
dynamic exports). So it's known 
statically that the requested export 
doesn't exist.

Import traces:
  Client Component Browser:
    ./Desktop/Backend/library-manageme
nt-system/frontend/src/components/sect
ions/Footer.tsx [Client Component 
Browser]
    ./Desktop/Backend/library-manageme
nt-system/frontend/src/app/page.tsx 
[Client Component Browser]
    ./Desktop/Backend/library-manageme
nt-system/frontend/src/app/page.tsx 
[Server Component]

  Client Component SSR:
    ./Desktop/Backend/library-manageme
nt-system/frontend/src/components/sect
ions/Footer.tsx [Client Component SSR]
    ./Desktop/Backend/library-manageme
nt-system/frontend/src/app/page.tsx 
[Client Component SSR]
    ./Desktop/Backend/library-manageme
nt-system/frontend/src/app/page.tsx 
[Server Component]


./Desktop/Backend/library-management-s
ystem/frontend/src/components/sections
/Footer.tsx:3:1
Export Linkedin doesn't exist in 
target module
  [90m1 |[0m [32m"use client"[0m;
  [90m2 |[0m
[31m[1m>[0m [90m3 |[0m 
[36mimport[0m { [33mTwitter[0m, 
[33mLinkedin[0m, [33mGithub[0m, 
[33mMail[0m, [33mSend[0m, 
[33mMapPin[0m, [33mPhone[0m } 
[36mfrom[0m [32m"lucide-react"[0m;
  [90m  |[0m [31m[1m^^^^^^^^^^^^^^
^^^^^^^^^^^^^^^^^^^^^^^^^^^^^^^^^^^^^^
^^^^^^^^^^^^^^^^^^^^^^^^^^^^^^^^[0m
  [90m4 |[0m [36mimport[0m 
[33mLink[0m [36mfrom[0m 
[32m"next/link"[0m;
  [90m5 |[0m
  [90m6 |[0m [36mexport[0m 
[36mconst[0m [33mFooter[0m = () 
=> {

The export Linkedin was not found in 
module [project]/Desktop/Backend/libra
ry-management-system/frontend/node_mod
ules/lucide-react/dist/esm/lucide-reac
t.mjs [app-ssr] (ecmascript).
Did you mean to import Link?
All exports of the module are 
statically known (It doesn't have 
dynamic exports). So it's known 
statically that the requested export 
doesn't exist.

Import traces:
  Client Component Browser:
    ./Desktop/Backend/library-manageme
nt-system/frontend/src/components/sect
ions/Footer.tsx [Client Component 
Browser]
    ./Desktop/Backend/library-manageme
nt-system/frontend/src/app/page.tsx 
[Client Component Browser]
    ./Desktop/Backend/library-manageme
nt-system/frontend/src/app/page.tsx 
[Server Component]

  Client Component SSR:
    ./Desktop/Backend/library-manageme
nt-system/frontend/src/components/sect
ions/Footer.tsx [Client Component SSR]
    ./Desktop/Backend/library-manageme
nt-system/frontend/src/app/page.tsx 
[Client Component SSR]
    ./Desktop/Backend/library-manageme
nt-system/frontend/src/app/page.tsx 
[Server Component]


./Desktop/Backend/library-management-s
ystem/frontend/src/components/sections
/Footer.tsx:3:1
Export Twitter doesn't exist in 
target module
  [90m1 |[0m [32m"use client"[0m;
  [90m2 |[0m
[31m[1m>[0m [90m3 |[0m 
[36mimport[0m { [33mTwitter[0m, 
[33mLinkedin[0m, [33mGithub[0m, 
[33mMail[0m, [33mSend[0m, 
[33mMapPin[0m, [33mPhone[0m } 
[36mfrom[0m [32m"lucide-react"[0m;
  [90m  |[0m [31m[1m^^^^^^^^^^^^^^
^^^^^^^^^^^^^^^^^^^^^^^^^^^^^^^^^^^^^^
^^^^^^^^^^^^^^^^^^^^^^^^^^^^^^^^[0m
  [90m4 |[0m [36mimport[0m 
[33mLink[0m [36mfrom[0m 
[32m"next/link"[0m;
  [90m5 |[0m
  [90m6 |[0m [36mexport[0m 
[36mconst[0m [33mFooter[0m = () 
=> {

The export Twitter was not found in 
module [project]/Desktop/Backend/libra
ry-management-system/frontend/node_mod
ules/lucide-react/dist/esm/lucide-reac
t.mjs [app-client] (ecmascript).
Did you mean to import Timer?
All exports of the module are 
statically known (It doesn't have 
dynamic exports). So it's known 
statically that the requested export 
doesn't exist.

Import traces:
  Client Component Browser:
    ./Desktop/Backend/library-manageme
nt-system/frontend/src/components/sect
ions/Footer.tsx [Client Component 
Browser]
    ./Desktop/Backend/library-manageme
nt-system/frontend/src/app/page.tsx 
[Client Component Browser]
    ./Desktop/Backend/library-manageme
nt-system/frontend/src/app/page.tsx 
[Server Component]

  Client Component SSR:
    ./Desktop/Backend/library-manageme
nt-system/frontend/src/components/sect
ions/Footer.tsx [Client Component SSR]
    ./Desktop/Backend/library-manageme
nt-system/frontend/src/app/page.tsx 
[Client Component SSR]
    ./Desktop/Backend/library-manageme
nt-system/frontend/src/app/page.tsx 
[Server Component]


./Desktop/Backend/library-management-s
ystem/frontend/src/components/sections
/Footer.tsx:3:1
Export Twitter doesn't exist in 
target module
  [90m1 |[0m [32m"use client"[0m;
  [90m2 |[0m
[31m[1m>[0m [90m3 |[0m 
[36mimport[0m { [33mTwitter[0m, 
[33mLinkedin[0m, [33mGithub[0m, 
[33mMail[0m, [33mSend[0m, 
[33mMapPin[0m, [33mPhone[0m } 
[36mfrom[0m [32m"lucide-react"[0m;
  [90m  |[0m [31m[1m^^^^^^^^^^^^^^
^^^^^^^^^^^^^^^^^^^^^^^^^^^^^^^^^^^^^^
^^^^^^^^^^^^^^^^^^^^^^^^^^^^^^^^[0m
  [90m4 |[0m [36mimport[0m 
[33mLink[0m [36mfrom[0m 
[32m"next/link"[0m;
  [90m5 |[0m
  [90m6 |[0m [36mexport[0m 
[36mconst[0m [33mFooter[0m = () 
=> {

The export Twitter was not found in 
module [project]/Desktop/Backend/libra
ry-management-system/frontend/node_mod
ules/lucide-react/dist/esm/lucide-reac
t.mjs [app-ssr] (ecmascript).
Did you mean to import Timer?
All exports of the module are 
statically known (It doesn't have 
dynamic exports). So it's known 
statically that the requested export 
doesn't exist.

Import traces:
  Client Component Browser:
    ./Desktop/Backend/library-manageme
nt-system/frontend/src/components/sect
ions/Footer.tsx [Client Component 
Browser]
    ./Desktop/Backend/library-manageme
nt-system/frontend/src/app/page.tsx 
[Client Component Browser]
    ./Desktop/Backend/library-manageme
nt-system/frontend/src/app/page.tsx 
[Server Component]

  Client Component SSR:
    ./Desktop/Backend/library-manageme
nt-system/frontend/src/components/sect
ions/Footer.tsx [Client Component SSR]
    ./Desktop/Backend/library-manageme
nt-system/frontend/src/app/page.tsx 
[Client Component SSR]
    ./Desktop/Backend/library-manageme
nt-system/frontend/src/app/page.tsx 
[Server Component]


    at <unknown> (./Desktop/Backend/li
brary-management-system/frontend/src/c
omponents/sections/Footer.tsx:3:1)
    at <unknown> (./Desktop/Backend/li
brary-management-system/frontend/src/c
omponents/sections/Footer.tsx:3:1)
    at <unknown> (./Desktop/Backend/li
brary-management-system/frontend/src/c
omponents/sections/Footer.tsx:3:1)
    at <unknown> (./Desktop/Backend/li
brary-management-system/frontend/src/c
omponents/sections/Footer.tsx:3:1)
    at <unknown> (./Desktop/Backend/li
brary-management-system/frontend/src/c
omponents/sections/Footer.tsx:3:1)
    at <unknown> (./Desktop/Backend/li
brary-management-system/frontend/src/c
omponents/sections/Footer.tsx:3:1)
